// Jest Snapshot v1, https://goo.gl/fbAQLP

exports[`App renders LandingPage by default 1`] = `
<div>
  <landing-page
    data-testid="LandingPage"
  />
</div>
`;
